// Jest Snapshot v1, https://goo.gl/fbAQLP

exports[`Header is tested 1`] = `
<header>
  <strong>
    🍞 webpack2test
  </strong>
  <nav>
    <ul>
      <li>
        <a
          href="/"
          onClick={[Function]}
        >
          /home
        </a>
      </li>
      <li>
        <a
          href="/about"
          onClick={[Function]}
        >
          /about
        </a>
      </li>
      <li>
        <a
          href="/404-fake-route"
          onClick={[Function]}
        >
          /404-fake-route
        </a>
      </li>
    </ul>
  </nav>
</header>
`;
